[backblue.gif]
[fade.gif]
[index.html]
[lib/plugins/indexmenu/context_menu.js]
[lib/plugins/indexmenu/indexmenu.js]
[lib/tpl/sova1/images/favicon.ico]
[lib/tpl/sova1/images/img/is-logo.gif]
[_media/is_bannerd4c5.gif]
[lib/tpl/sova1/images/facebook.jpg]
[index-2.html]
[lib/tpl/sova1/images/button-cc.gif]
[lib/images/interwiki.png]
[lib/images/interwiki/wp.gif]
[lib/images/interwiki/wpde.gif]
[lib/images/interwiki/wpmeta.gif]
[lib/images/interwiki/doku.gif]
[lib/images/interwiki/sb.gif]
[lib/images/interwiki/amazon.gif]
[lib/images/interwiki/amazon.de.gif]
[lib/images/interwiki/amazon.uk.gif]
[lib/images/interwiki/phpfn.gif]
[lib/images/interwiki/dokubug.gif]
[lib/images/interwiki/coral.gif]
[lib/images/interwiki/google.gif]
[lib/images/interwiki/meatball.gif]
[lib/images/interwiki/wiki.gif]
[lib/images/fileicons/file.png]
[lib/images/fileicons/jpg.png]
[lib/images/fileicons/jpeg.png]
[lib/images/fileicons/gif.png]
[lib/images/fileicons/png.png]
[lib/images/fileicons/tgz.png]
[lib/images/fileicons/tar.png]
[lib/images/fileicons/gz.png]
[lib/images/fileicons/zip.png]
[lib/images/fileicons/rar.png]
[lib/images/fileicons/pdf.png]
[lib/images/fileicons/ps.png]
[lib/images/fileicons/doc.png]
[lib/images/fileicons/xls.png]
[lib/images/fileicons/ppt.png]
[lib/images/fileicons/rtf.png]
[lib/images/fileicons/swf.png]
[lib/images/fileicons/rpm.png]
[lib/images/fileicons/deb.png]
[lib/images/fileicons/sxw.png]
[lib/images/fileicons/sxc.png]
[lib/images/fileicons/sxi.png]
[lib/images/fileicons/sxd.png]
[lib/images/fileicons/odc.png]
[lib/images/fileicons/odf.png]
[lib/images/fileicons/odg.png]
[lib/images/fileicons/odi.png]
[lib/images/fileicons/odp.png]
[lib/images/fileicons/ods.png]
[lib/exe/cssa93d.css]
[lib/images/fileicons/odt.png]
[lib/images/error.png]
[lib/images/info.png]
[lib/images/success.png]
[lib/images/notify.png]
[lib/plugins/gallery/images/overlay.png]
[lib/plugins/gallery/images/overlayie.png]
[lib/plugins/indexmenu/images/toc_bullet.gif]
[lib/plugins/indexmenu/images/larrow.gif]
[lib/plugins/indexmenu/images/rarrow.gif]
[lib/plugins/indexmenu/images/close.gif]
[lib/tpl/sova1/images/inputshadow.png]
[lib/tpl/sova1/images/buttonshadow.png]
[lib/tpl/sova1/images/link_icon.gif]
[lib/tpl/sova1/images/windows.gif]
[lib/tpl/sova1/images/mail_icon.gif]
[lib/tpl/sova1/images/open.gif]
[lib/tpl/sova1/images/closed.gif]
[lib/tpl/sova1/images/tocdot2.gif]
[lib/tpl/sova1/images/img/background.png]
[lib/tpl/sova1/images/new_web04_background.jpg]
[lib/tpl/sova1/images/urlextern.png]
[lib/tpl/sova1/images/tool-login.png]
[lib/tpl/sova1/images/tool-logout.png]
[lib/tpl/sova1/images/tool-index.png]
[lib/tpl/sova1/images/tool-recent.png]
[lib/tpl/sova1/images/tool-edit.png]
[lib/tpl/sova1/images/tool-source.png]
[lib/tpl/sova1/images/tool-admin.png]
[lib/tpl/sova1/images/tool-revisions.png]
[lib/tpl/sova1/images/tool-subscribe.png]
[lib/tpl/sova1/images/tool-backlink.png]
[lib/tpl/sova1/images/tool-profile.png]
[lib/tpl/sova1/images/tool-top.png]
[lib/tpl/sova1/images/img/lano.gif]
[lib/tpl/sova1/images/img/zahlavi.jpg]
[lib/tpl/sova1/images/img/pozadi-obsahu.png]
[lib/tpl/sova1/images/img/tkanicky-top.gif]
[lib/tpl/sova1/images/img/pozadi-obsahu-dole.png]
[lib/tpl/sova1/images/img/stopy.gif]
[lib/tpl/sova1/images/img/nadpis-chystane-akce.gif]
[lib/tpl/sova1/images/img/nadpis-newsletter.gif]
[lib/tpl/sova1/images/img/nadpis-issova.gif]
[lib/tpl/sova1/images/img/tkanicky.gif]
[lib/tpl/sova1/images/img/zapati.jpg]
[lib/tpl/sova1/images/tradicni-akce/sendvic.png]
[lib/tpl/sova1/images/tradicni-akce/hitech.png]
[lib/tpl/sova1/images/tradicni-akce/tmou.png]
[lib/tpl/sova1/images/tradicni-akce/exit.png]
[lib/tpl/sova1/images/tradicni-akce/hvozdy.png]
[lib/tpl/sova1/images/tradicni-akce/troja.png]
[lib/tpl/sova1/images/tradicni-akce/zvv.png]
[lib/tpl/sova1/images/tradicni-akce/tvrz.png]
[lib/tpl/sova1/images/tradicni-akce/logo-kolobeh1.png]
[lib/exe/css.css]
[lib/exe/cssdef1.css]
[lib/tpl/sova1/images/tradicni-akce/logo-bohatyrka.png]
[kdo_jsme/index.html]
[zazitkova_akce/index.html]
[kalendar_akci/index.html]
[fotogalerie/index.html]
[odkazy/index.html]
[kalendar_akci/welcome.html]
[_media/is_banner85d6.gif]
[_media/is_bannere892.gif]
[_detail/is_banner3cdb.html]
[newsletter/index.html]
[lib/tpl/sova1/basic.css]
[lib/tpl/sova1/images/img/obsah-nahore.html]
[_media/kdo_jsme/350_102_17291977.jpg]
[_media/kdo_jsme/is_mise_023_resize12d1.jpg]
[_media/kdo_jsme/cesty_7125_resizec2a6.jpg]
[_media/kdo_jsme/1004-012412a.jpg]
[_media/kdo_jsme/img_7141_resize3be8.jpg]
[kdo_jsme/welcome.html]
[_media/zeme_voda_vzduch_2010_strach_na_skale9998.jpg]
[_media/is_outdoor_vikend_-_uvodni_prednaska9998.jpg]
[_media/spirit_horse_2010_-_kone_a_kuzely9998.jpg]
[zazitkova_akce.html]
[_media/zeme_voda_vzduch_2010_-_ucastnici9998.jpg]
[_media/fotogalerie/vystava_is_brno_1a7c5.jpg]
[_media/fotogalerie/vystava_is_brno_2c405.jpg]
[_media/fotogalerie/vystava_is_brno_3a7c5.jpg]
[_media/fotogalerie/vystava_is_brno_4a7c5.jpg]
[_media/fotogalerie/vystava_is_brno_5c405.jpg]
[_media/fotogalerie/vystava_is_brno_6c405.jpg]
[_media/fotogalerie/vystava_is_brno_7c405.jpg]
[_media/fotogalerie/vystava_is_brno_8c405.jpg]
[_media/fotogalerie/vystava_is_brno_9c405.jpg]
[_media/fotogalerie/vystava_is_brno_10a7c5.jpg]
[_media/fotogalerie/vystava_is_brno_11c405.jpg]
[_media/fotogalerie/vystava_is_brno_12c405.jpg]
[fotogalerie/welcome.html]
[odkazy/welcome.html]
[welcome.html]
[newsletter.html]
[_media/fotogalerie/vystava_is_brno_13c405.jpg]
[lib/tpl/sova1/images/img/lib/tpl/sova1/images/img/obsah-nahore.html]
[_detail/kdo_jsme/space3f66.html]
[_media/kdo_jsme/350_102_172985d6.jpg]
[_detail/kdo_jsme/350_102_17293f66.html]
[_media/kdo_jsme/350_102_1729005c.jpg]
[_media/kdo_jsme/is_mise_023_resize85d6.jpg]
[_detail/kdo_jsme/is_mise_023_resize3f66.html]
[_media/kdo_jsme/is_mise_023_resize0a85.jpg]
[_media/kdo_jsme/cesty_7125_resize85d6.jpg]
[_detail/kdo_jsme/cesty_7125_resize3f66.html]
[_media/kdo_jsme/cesty_7125_resize3c3e.jpg]
[_media/kdo_jsme/1004-01285d6.jpg]
[_detail/kdo_jsme/1004-0123f66.html]
[_media/kdo_jsme/1004-0124361.jpg]
[_media/kdo_jsme/img_7141_resize85d6.jpg]
[_detail/kdo_jsme/img_7141_resize3f66.html]
[_media/kdo_jsme/img_7141_resize8be8.jpg]
[_media/is_kurz_022720.jpg]
[_media/is_kurz_042720.jpg]
[_media/is_kurz_102720.jpg]
[is_kurs.html]
[_media/is_kurz_062720.jpg]
[_media/fotogalerie/vystava_is_brno_185d6.jpg]
[_detail/fotogalerie/vystava_is_brno_122a4.html]
[_media/fotogalerie/vystava_is_brno_1cfce.jpg]
[_media/fotogalerie/vystava_is_brno_285d6.jpg]
[_detail/fotogalerie/vystava_is_brno_222a4.html]
[_media/fotogalerie/vystava_is_brno_2ae86.jpg]
[_media/fotogalerie/vystava_is_brno_385d6.jpg]
[_detail/fotogalerie/vystava_is_brno_322a4.html]
[_media/fotogalerie/vystava_is_brno_36bca.jpg]
[_media/fotogalerie/vystava_is_brno_485d6.jpg]
[_detail/fotogalerie/vystava_is_brno_422a4.html]
[_media/fotogalerie/vystava_is_brno_46bca.jpg]
[_media/fotogalerie/vystava_is_brno_585d6.jpg]
[_detail/fotogalerie/vystava_is_brno_522a4.html]
[_media/fotogalerie/vystava_is_brno_5581c.jpg]
[_media/fotogalerie/vystava_is_brno_685d6.jpg]
[_detail/fotogalerie/vystava_is_brno_622a4.html]
[_media/fotogalerie/vystava_is_brno_6581c.jpg]
[_media/fotogalerie/vystava_is_brno_785d6.jpg]
[_detail/fotogalerie/vystava_is_brno_722a4.html]
[_media/fotogalerie/vystava_is_brno_79aae.jpg]
[_media/fotogalerie/vystava_is_brno_885d6.jpg]
[_detail/fotogalerie/vystava_is_brno_822a4.html]
[_media/fotogalerie/vystava_is_brno_8a724.jpg]
[_media/fotogalerie/vystava_is_brno_985d6.jpg]
[_detail/fotogalerie/vystava_is_brno_922a4.html]
[_media/fotogalerie/vystava_is_brno_90e6e.jpg]
[_media/fotogalerie/vystava_is_brno_1085d6.jpg]
[_detail/fotogalerie/vystava_is_brno_1022a4.html]
[_media/fotogalerie/vystava_is_brno_106bca.jpg]
[_media/fotogalerie/vystava_is_brno_1185d6.jpg]
[_detail/fotogalerie/vystava_is_brno_1122a4.html]
[_media/fotogalerie/vystava_is_brno_11581c.jpg]
[_media/fotogalerie/vystava_is_brno_1285d6.jpg]
[_detail/fotogalerie/vystava_is_brno_1222a4.html]
[_media/fotogalerie/vystava_is_brno_12581c.jpg]
[_media/fotogalerie/vystava_is_brno_1385d6.jpg]
[_detail/fotogalerie/vystava_is_brno_1322a4.html]
[_media/fotogalerie/vystava_is_brno_13581c.jpg]
[lib/tpl/sova1/images/img/lib/tpl/sova1/images/img/lib/tpl/sova1/images/img/lib/tpl/sova1/images/img/obsah-nahore.html]
[lib/tpl/sova1/images/img/lib/tpl/sova1/images/img/lib/tpl/sova1/images/img/lib/tpl/sova1/images/img/lib/tpl/sova1/images/img/lib/tpl/sova1/images/img/lib/tpl/sova1/images/img/lib/tpl/sova1/images/img/obsah-nahore.html]
[lib/tpl/sova1/images/img/lib/tpl/sova1/images/img/lib/tpl/sova1/images/img/lib/tpl/sova1/images/img/lib/tpl/sova1/images/img/lib/tpl/sova1/images/img/lib/tpl/sova1/images/img/lib/tpl/sova1/images/img/lib/tpl/sova1/obsah-nahore.d3.delaye]
